[0.074s] DEBUG:colcon:Command line arguments: ['/usr/bin/colcon', 'build']
[0.074s] DEBUG:colcon:Parsed command line arguments: Namespace(log_base=None, log_level=None, verb_name='build', build_base='build', install_base='install', merge_install=False, symlink_install=False, test_result_base=None, continue_on_error=False, executor='parallel', parallel_workers=12, event_handlers=None, ignore_user_meta=False, metas=['./colcon.meta'], base_paths=['.'], packages_ignore=None, packages_ignore_regex=None, paths=None, packages_up_to=None, packages_up_to_regex=None, packages_above=None, packages_above_and_dependencies=None, packages_above_depth=None, packages_select_by_dep=None, packages_skip_by_dep=None, packages_skip_up_to=None, packages_select_build_failed=False, packages_skip_build_finished=False, packages_select_test_failures=False, packages_skip_test_passed=False, packages_select=None, packages_skip=None, packages_select_regex=None, packages_skip_regex=None, packages_start=None, packages_end=None, cmake_args=None, cmake_target=None, cmake_target_skip_unavailable=False, cmake_clean_cache=False, cmake_clean_first=False, cmake_force_configure=False, ament_cmake_args=None, catkin_cmake_args=None, catkin_skip_building_tests=False, mixin_files=None, mixin=None, verb_parser=<colcon_mixin.mixin.mixin_argument.MixinArgumentDecorator object at 0x736150f0e710>, verb_extension=<colcon_core.verb.build.BuildVerb object at 0x736150f0e200>, main=<bound method BuildVerb.main of <colcon_core.verb.build.BuildVerb object at 0x736150f0e200>>, mixin_verb=('build',))
[0.125s] Level 1:colcon.colcon_core.package_discovery:discover_packages(colcon_meta) check parameters
[0.126s] INFO:colcon.colcon_metadata.package_discovery.colcon_meta:Using configuration from '/root/.colcon/metadata/default/Gazebo.meta'
[0.126s] INFO:colcon.colcon_metadata.package_discovery.colcon_meta:Using configuration from '/root/.colcon/metadata/default/fastdds.meta'
[0.126s] INFO:colcon.colcon_metadata.package_discovery.colcon_meta:Using configuration from '/root/.colcon/metadata/default/fastrtps.meta'
[0.126s] Level 1:colcon.colcon_core.package_discovery:discover_packages(recursive) check parameters
[0.126s] Level 1:colcon.colcon_core.package_discovery:discover_packages(ignore) check parameters
[0.126s] Level 1:colcon.colcon_core.package_discovery:discover_packages(path) check parameters
[0.126s] Level 1:colcon.colcon_core.package_discovery:discover_packages(colcon_meta) discover
[0.126s] Level 1:colcon.colcon_core.package_discovery:discover_packages(recursive) discover
[0.126s] INFO:colcon.colcon_core.package_discovery:Crawling recursively for packages in '/root/ros2_ws/src/utbots_dependencies'
[0.127s] Level 1:colcon.colcon_core.package_identification:_identify(.) by extensions ['ignore', 'ignore_ament_install']
[0.127s] Level 1:colcon.colcon_core.package_identification:_identify(.) by extension 'ignore'
[0.127s] Level 1:colcon.colcon_core.package_identification:_identify(.) by extension 'ignore_ament_install'
[0.127s] Level 1:colcon.colcon_core.package_identification:_identify(.) by extensions ['colcon_pkg']
[0.127s] Level 1:colcon.colcon_core.package_identification:_identify(.) by extension 'colcon_pkg'
[0.127s] Level 1:colcon.colcon_core.package_identification:_identify(.) by extensions ['colcon_meta']
[0.127s] Level 1:colcon.colcon_core.package_identification:_identify(.) by extension 'colcon_meta'
[0.127s] Level 1:colcon.colcon_core.package_identification:_identify(.) by extensions ['ros']
[0.127s] Level 1:colcon.colcon_core.package_identification:_identify(.) by extension 'ros'
[0.134s] Level 1:colcon.colcon_core.package_identification:_identify(.) by extensions ['cmake', 'python']
[0.134s] Level 1:colcon.colcon_core.package_identification:_identify(.) by extension 'cmake'
[0.134s] Level 1:colcon.colcon_core.package_identification:_identify(.) by extension 'python'
[0.134s] Level 1:colcon.colcon_core.package_identification:_identify(.) by extensions ['python_setup_py']
[0.134s] Level 1:colcon.colcon_core.package_identification:_identify(.) by extension 'python_setup_py'
[0.134s] Level 1:colcon.colcon_core.package_identification:_identify(build) by extensions ['ignore', 'ignore_ament_install']
[0.134s] Level 1:colcon.colcon_core.package_identification:_identify(build) by extension 'ignore'
[0.134s] Level 1:colcon.colcon_core.package_identification:_identify(build) ignored
[0.134s] Level 1:colcon.colcon_core.package_identification:_identify(install) by extensions ['ignore', 'ignore_ament_install']
[0.134s] Level 1:colcon.colcon_core.package_identification:_identify(install) by extension 'ignore'
[0.134s] Level 1:colcon.colcon_core.package_identification:_identify(install) ignored
[0.134s] Level 1:colcon.colcon_core.package_identification:_identify(log) by extensions ['ignore', 'ignore_ament_install']
[0.134s] Level 1:colcon.colcon_core.package_identification:_identify(log) by extension 'ignore'
[0.134s] Level 1:colcon.colcon_core.package_identification:_identify(log) ignored
[0.134s] Level 1:colcon.colcon_core.package_identification:_identify(utbots_actions) by extensions ['ignore', 'ignore_ament_install']
[0.134s] Level 1:colcon.colcon_core.package_identification:_identify(utbots_actions) by extension 'ignore'
[0.134s] Level 1:colcon.colcon_core.package_identification:_identify(utbots_actions) by extension 'ignore_ament_install'
[0.134s] Level 1:colcon.colcon_core.package_identification:_identify(utbots_actions) by extensions ['colcon_pkg']
[0.134s] Level 1:colcon.colcon_core.package_identification:_identify(utbots_actions) by extension 'colcon_pkg'
[0.135s] Level 1:colcon.colcon_core.package_identification:_identify(utbots_actions) by extensions ['colcon_meta']
[0.135s] Level 1:colcon.colcon_core.package_identification:_identify(utbots_actions) by extension 'colcon_meta'
[0.135s] Level 1:colcon.colcon_core.package_identification:_identify(utbots_actions) by extensions ['ros']
[0.135s] Level 1:colcon.colcon_core.package_identification:_identify(utbots_actions) by extension 'ros'
[0.136s] DEBUG:colcon.colcon_core.package_identification:Package 'utbots_actions' with type 'ros.ament_cmake' and name 'utbots_actions'
[0.136s] Level 1:colcon.colcon_core.package_identification:_identify(utbots_msgs) by extensions ['ignore', 'ignore_ament_install']
[0.136s] Level 1:colcon.colcon_core.package_identification:_identify(utbots_msgs) by extension 'ignore'
[0.136s] Level 1:colcon.colcon_core.package_identification:_identify(utbots_msgs) by extension 'ignore_ament_install'
[0.136s] Level 1:colcon.colcon_core.package_identification:_identify(utbots_msgs) by extensions ['colcon_pkg']
[0.136s] Level 1:colcon.colcon_core.package_identification:_identify(utbots_msgs) by extension 'colcon_pkg'
[0.136s] Level 1:colcon.colcon_core.package_identification:_identify(utbots_msgs) by extensions ['colcon_meta']
[0.136s] Level 1:colcon.colcon_core.package_identification:_identify(utbots_msgs) by extension 'colcon_meta'
[0.136s] Level 1:colcon.colcon_core.package_identification:_identify(utbots_msgs) by extensions ['ros']
[0.136s] Level 1:colcon.colcon_core.package_identification:_identify(utbots_msgs) by extension 'ros'
[0.137s] DEBUG:colcon.colcon_core.package_identification:Package 'utbots_msgs' with type 'ros.ament_cmake' and name 'utbots_msgs'
[0.137s] Level 1:colcon.colcon_core.package_identification:_identify(utbots_srvs) by extensions ['ignore', 'ignore_ament_install']
[0.137s] Level 1:colcon.colcon_core.package_identification:_identify(utbots_srvs) by extension 'ignore'
[0.137s] Level 1:colcon.colcon_core.package_identification:_identify(utbots_srvs) by extension 'ignore_ament_install'
[0.137s] Level 1:colcon.colcon_core.package_identification:_identify(utbots_srvs) by extensions ['colcon_pkg']
[0.137s] Level 1:colcon.colcon_core.package_identification:_identify(utbots_srvs) by extension 'colcon_pkg'
[0.137s] Level 1:colcon.colcon_core.package_identification:_identify(utbots_srvs) by extensions ['colcon_meta']
[0.137s] Level 1:colcon.colcon_core.package_identification:_identify(utbots_srvs) by extension 'colcon_meta'
[0.137s] Level 1:colcon.colcon_core.package_identification:_identify(utbots_srvs) by extensions ['ros']
[0.137s] Level 1:colcon.colcon_core.package_identification:_identify(utbots_srvs) by extension 'ros'
[0.138s] DEBUG:colcon.colcon_core.package_identification:Package 'utbots_srvs' with type 'ros.ament_cmake' and name 'utbots_srvs'
[0.138s] Level 1:colcon.colcon_core.package_discovery:discover_packages(recursive) using defaults
[0.138s] Level 1:colcon.colcon_core.package_discovery:discover_packages(ignore) discover
[0.138s] Level 1:colcon.colcon_core.package_discovery:discover_packages(ignore) using defaults
[0.138s] Level 1:colcon.colcon_core.package_discovery:discover_packages(path) discover
[0.138s] Level 1:colcon.colcon_core.package_discovery:discover_packages(path) using defaults
[0.150s] Level 5:colcon.colcon_core.verb:set package 'utbots_msgs' build argument 'cmake_args' from command line to 'None'
[0.150s] Level 5:colcon.colcon_core.verb:set package 'utbots_msgs' build argument 'cmake_target' from command line to 'None'
[0.150s] Level 5:colcon.colcon_core.verb:set package 'utbots_msgs' build argument 'cmake_target_skip_unavailable' from command line to 'False'
[0.150s] Level 5:colcon.colcon_core.verb:set package 'utbots_msgs' build argument 'cmake_clean_cache' from command line to 'False'
[0.150s] Level 5:colcon.colcon_core.verb:set package 'utbots_msgs' build argument 'cmake_clean_first' from command line to 'False'
[0.150s] Level 5:colcon.colcon_core.verb:set package 'utbots_msgs' build argument 'cmake_force_configure' from command line to 'False'
[0.150s] Level 5:colcon.colcon_core.verb:set package 'utbots_msgs' build argument 'ament_cmake_args' from command line to 'None'
[0.150s] Level 5:colcon.colcon_core.verb:set package 'utbots_msgs' build argument 'catkin_cmake_args' from command line to 'None'
[0.150s] Level 5:colcon.colcon_core.verb:set package 'utbots_msgs' build argument 'catkin_skip_building_tests' from command line to 'False'
[0.150s] DEBUG:colcon.colcon_core.verb:Building package 'utbots_msgs' with the following arguments: {'ament_cmake_args': None, 'build_base': '/root/ros2_ws/src/utbots_dependencies/build/utbots_msgs', 'catkin_cmake_args': None, 'catkin_skip_building_tests': False, 'cmake_args': None, 'cmake_clean_cache': False, 'cmake_clean_first': False, 'cmake_force_configure': False, 'cmake_target': None, 'cmake_target_skip_unavailable': False, 'install_base': '/root/ros2_ws/src/utbots_dependencies/install/utbots_msgs', 'merge_install': False, 'path': '/root/ros2_ws/src/utbots_dependencies/utbots_msgs', 'symlink_install': False, 'test_result_base': None}
[0.150s] Level 5:colcon.colcon_core.verb:set package 'utbots_srvs' build argument 'cmake_args' from command line to 'None'
[0.150s] Level 5:colcon.colcon_core.verb:set package 'utbots_srvs' build argument 'cmake_target' from command line to 'None'
[0.150s] Level 5:colcon.colcon_core.verb:set package 'utbots_srvs' build argument 'cmake_target_skip_unavailable' from command line to 'False'
[0.150s] Level 5:colcon.colcon_core.verb:set package 'utbots_srvs' build argument 'cmake_clean_cache' from command line to 'False'
[0.150s] Level 5:colcon.colcon_core.verb:set package 'utbots_srvs' build argument 'cmake_clean_first' from command line to 'False'
[0.150s] Level 5:colcon.colcon_core.verb:set package 'utbots_srvs' build argument 'cmake_force_configure' from command line to 'False'
[0.150s] Level 5:colcon.colcon_core.verb:set package 'utbots_srvs' build argument 'ament_cmake_args' from command line to 'None'
[0.150s] Level 5:colcon.colcon_core.verb:set package 'utbots_srvs' build argument 'catkin_cmake_args' from command line to 'None'
[0.150s] Level 5:colcon.colcon_core.verb:set package 'utbots_srvs' build argument 'catkin_skip_building_tests' from command line to 'False'
[0.150s] DEBUG:colcon.colcon_core.verb:Building package 'utbots_srvs' with the following arguments: {'ament_cmake_args': None, 'build_base': '/root/ros2_ws/src/utbots_dependencies/build/utbots_srvs', 'catkin_cmake_args': None, 'catkin_skip_building_tests': False, 'cmake_args': None, 'cmake_clean_cache': False, 'cmake_clean_first': False, 'cmake_force_configure': False, 'cmake_target': None, 'cmake_target_skip_unavailable': False, 'install_base': '/root/ros2_ws/src/utbots_dependencies/install/utbots_srvs', 'merge_install': False, 'path': '/root/ros2_ws/src/utbots_dependencies/utbots_srvs', 'symlink_install': False, 'test_result_base': None}
[0.151s] Level 5:colcon.colcon_core.verb:set package 'utbots_actions' build argument 'cmake_args' from command line to 'None'
[0.151s] Level 5:colcon.colcon_core.verb:set package 'utbots_actions' build argument 'cmake_target' from command line to 'None'
[0.151s] Level 5:colcon.colcon_core.verb:set package 'utbots_actions' build argument 'cmake_target_skip_unavailable' from command line to 'False'
[0.151s] Level 5:colcon.colcon_core.verb:set package 'utbots_actions' build argument 'cmake_clean_cache' from command line to 'False'
[0.151s] Level 5:colcon.colcon_core.verb:set package 'utbots_actions' build argument 'cmake_clean_first' from command line to 'False'
[0.151s] Level 5:colcon.colcon_core.verb:set package 'utbots_actions' build argument 'cmake_force_configure' from command line to 'False'
[0.151s] Level 5:colcon.colcon_core.verb:set package 'utbots_actions' build argument 'ament_cmake_args' from command line to 'None'
[0.151s] Level 5:colcon.colcon_core.verb:set package 'utbots_actions' build argument 'catkin_cmake_args' from command line to 'None'
[0.151s] Level 5:colcon.colcon_core.verb:set package 'utbots_actions' build argument 'catkin_skip_building_tests' from command line to 'False'
[0.151s] DEBUG:colcon.colcon_core.verb:Building package 'utbots_actions' with the following arguments: {'ament_cmake_args': None, 'build_base': '/root/ros2_ws/src/utbots_dependencies/build/utbots_actions', 'catkin_cmake_args': None, 'catkin_skip_building_tests': False, 'cmake_args': None, 'cmake_clean_cache': False, 'cmake_clean_first': False, 'cmake_force_configure': False, 'cmake_target': None, 'cmake_target_skip_unavailable': False, 'install_base': '/root/ros2_ws/src/utbots_dependencies/install/utbots_actions', 'merge_install': False, 'path': '/root/ros2_ws/src/utbots_dependencies/utbots_actions', 'symlink_install': False, 'test_result_base': None}
[0.151s] INFO:colcon.colcon_core.executor:Executing jobs using 'parallel' executor
[0.152s] DEBUG:colcon.colcon_parallel_executor.executor.parallel:run_until_complete
[0.152s] INFO:colcon.colcon_ros.task.ament_cmake.build:Building ROS package in '/root/ros2_ws/src/utbots_dependencies/utbots_msgs' with build type 'ament_cmake'
[0.152s] INFO:colcon.colcon_cmake.task.cmake.build:Building CMake package in '/root/ros2_ws/src/utbots_dependencies/utbots_msgs'
[0.153s] INFO:colcon.colcon_core.plugin_system:Skipping extension 'colcon_core.shell.bat': Not used on non-Windows systems
[0.154s] INFO:colcon.colcon_core.shell:Skip shell extension 'powershell' for command environment: Not usable outside of PowerShell
[0.154s] DEBUG:colcon.colcon_core.shell:Skip shell extension 'dsv' for command environment
[0.155s] INFO:colcon.colcon_ros.task.ament_cmake.build:Building ROS package in '/root/ros2_ws/src/utbots_dependencies/utbots_srvs' with build type 'ament_cmake'
[0.155s] INFO:colcon.colcon_cmake.task.cmake.build:Building CMake package in '/root/ros2_ws/src/utbots_dependencies/utbots_srvs'
[0.155s] INFO:colcon.colcon_core.shell:Skip shell extension 'powershell' for command environment: Not usable outside of PowerShell
[0.155s] DEBUG:colcon.colcon_core.shell:Skip shell extension 'dsv' for command environment
[0.159s] DEBUG:colcon.colcon_core.event_handler.log_command:Invoking command in '/root/ros2_ws/src/utbots_dependencies/build/utbots_msgs': /usr/bin/cmake /root/ros2_ws/src/utbots_dependencies/utbots_msgs -DCMAKE_INSTALL_PREFIX=/root/ros2_ws/src/utbots_dependencies/install/utbots_msgs
[0.161s] DEBUG:colcon.colcon_core.event_handler.log_command:Invoking command in '/root/ros2_ws/src/utbots_dependencies/build/utbots_srvs': /usr/bin/cmake /root/ros2_ws/src/utbots_dependencies/utbots_srvs -DCMAKE_INSTALL_PREFIX=/root/ros2_ws/src/utbots_dependencies/install/utbots_srvs
[0.341s] DEBUG:colcon.colcon_core.event_handler.log_command:Invoked command in '/root/ros2_ws/src/utbots_dependencies/build/utbots_srvs' returned '1': /usr/bin/cmake /root/ros2_ws/src/utbots_dependencies/utbots_srvs -DCMAKE_INSTALL_PREFIX=/root/ros2_ws/src/utbots_dependencies/install/utbots_srvs
[0.345s] DEBUG:colcon.colcon_core.event_handler.log_command:Invoked command in '/root/ros2_ws/src/utbots_dependencies/build/utbots_msgs' returned '1': /usr/bin/cmake /root/ros2_ws/src/utbots_dependencies/utbots_msgs -DCMAKE_INSTALL_PREFIX=/root/ros2_ws/src/utbots_dependencies/install/utbots_msgs
[0.348s] Level 1:colcon.colcon_core.environment:create_environment_scripts_only(utbots_srvs)
[0.350s] Level 1:colcon.colcon_core.environment:checking '/root/ros2_ws/src/utbots_dependencies/install/utbots_srvs' for CMake module files
[0.350s] Level 1:colcon.colcon_core.environment:checking '/root/ros2_ws/src/utbots_dependencies/install/utbots_srvs' for CMake config files
[0.350s] Level 1:colcon.colcon_core.environment:checking '/root/ros2_ws/src/utbots_dependencies/install/utbots_srvs/bin'
[0.350s] Level 1:colcon.colcon_core.environment:checking '/root/ros2_ws/src/utbots_dependencies/install/utbots_srvs/lib/pkgconfig/utbots_srvs.pc'
[0.351s] Level 1:colcon.colcon_core.environment:checking '/root/ros2_ws/src/utbots_dependencies/install/utbots_srvs/lib/python3.10/site-packages'
[0.352s] Level 1:colcon.colcon_core.environment:checking '/root/ros2_ws/src/utbots_dependencies/install/utbots_srvs/bin'
[0.352s] INFO:colcon.colcon_core.shell:Creating package script '/root/ros2_ws/src/utbots_dependencies/install/utbots_srvs/share/utbots_srvs/package.ps1'
[0.353s] INFO:colcon.colcon_core.shell:Creating package descriptor '/root/ros2_ws/src/utbots_dependencies/install/utbots_srvs/share/utbots_srvs/package.dsv'
[0.353s] INFO:colcon.colcon_core.shell:Creating package script '/root/ros2_ws/src/utbots_dependencies/install/utbots_srvs/share/utbots_srvs/package.sh'
[0.353s] INFO:colcon.colcon_core.shell:Creating package script '/root/ros2_ws/src/utbots_dependencies/install/utbots_srvs/share/utbots_srvs/package.bash'
[0.354s] INFO:colcon.colcon_core.shell:Creating package script '/root/ros2_ws/src/utbots_dependencies/install/utbots_srvs/share/utbots_srvs/package.zsh'
[0.354s] Level 1:colcon.colcon_core.environment:create_file_with_runtime_dependencies(/root/ros2_ws/src/utbots_dependencies/install/utbots_srvs/share/colcon-core/packages/utbots_srvs)
[0.365s] DEBUG:colcon.colcon_parallel_executor.executor.parallel:closing loop
[0.365s] DEBUG:colcon.colcon_parallel_executor.executor.parallel:loop closed
[0.365s] DEBUG:colcon.colcon_parallel_executor.executor.parallel:run_until_complete finished with '1'
[0.365s] DEBUG:colcon.colcon_core.event_reactor:joining thread
[0.369s] INFO:colcon.colcon_core.plugin_system:Skipping extension 'colcon_notification.desktop_notification.notify_send': Could not find 'notify-send'
[0.369s] INFO:colcon.colcon_core.plugin_system:Skipping extension 'colcon_notification.desktop_notification.terminal_notifier': Not used on non-Darwin systems
[0.369s] INFO:colcon.colcon_core.plugin_system:Skipping extension 'colcon_notification.desktop_notification.win32': Not used on non-Windows systems
[0.369s] INFO:colcon.colcon_notification.desktop_notification:Sending desktop notification using 'notify2'
[0.370s] DEBUG:colcon.colcon_notification.desktop_notification.notify2:Failed to initialize notify2: org.freedesktop.DBus.Error.InvalidFileContent: D-Bus library appears to be incorrectly set up: see the manual page for dbus-uuidgen to correct this issue. (Failed to open "/var/lib/dbus/machine-id": No such file or directory; UUID file '/etc/machine-id' should contain a hex string of length 32, not length 0, with no other text)
[0.370s] DEBUG:colcon.colcon_core.event_reactor:joined thread
[0.370s] INFO:colcon.colcon_core.shell:Creating prefix script '/root/ros2_ws/src/utbots_dependencies/install/local_setup.ps1'
[0.370s] INFO:colcon.colcon_core.shell:Creating prefix util module '/root/ros2_ws/src/utbots_dependencies/install/_local_setup_util_ps1.py'
[0.371s] INFO:colcon.colcon_core.shell:Creating prefix chain script '/root/ros2_ws/src/utbots_dependencies/install/setup.ps1'
[0.372s] INFO:colcon.colcon_core.shell:Creating prefix script '/root/ros2_ws/src/utbots_dependencies/install/local_setup.sh'
[0.372s] INFO:colcon.colcon_core.shell:Creating prefix util module '/root/ros2_ws/src/utbots_dependencies/install/_local_setup_util_sh.py'
[0.373s] INFO:colcon.colcon_core.shell:Creating prefix chain script '/root/ros2_ws/src/utbots_dependencies/install/setup.sh'
[0.374s] INFO:colcon.colcon_core.shell:Creating prefix script '/root/ros2_ws/src/utbots_dependencies/install/local_setup.bash'
[0.374s] INFO:colcon.colcon_core.shell:Creating prefix chain script '/root/ros2_ws/src/utbots_dependencies/install/setup.bash'
[0.375s] INFO:colcon.colcon_core.shell:Creating prefix script '/root/ros2_ws/src/utbots_dependencies/install/local_setup.zsh'
[0.375s] INFO:colcon.colcon_core.shell:Creating prefix chain script '/root/ros2_ws/src/utbots_dependencies/install/setup.zsh'
