[0.005s] Invoking command in '/root/ros2_ws/src/utbots_dependencies/build/utbots_srvs': /usr/bin/cmake /root/ros2_ws/src/utbots_dependencies/utbots_srvs -DCMAKE_INSTALL_PREFIX=/root/ros2_ws/src/utbots_dependencies/install/utbots_srvs
[0.038s] -- The C compiler identification is GNU 11.4.0
[0.073s] -- The CXX compiler identification is GNU 11.4.0
[0.078s] -- Detecting C compiler ABI info
[0.119s] -- Detecting C compiler ABI info - done
[0.124s] -- Check for working C compiler: /usr/bin/cc - skipped
[0.124s] -- Detecting C compile features
[0.125s] -- Detecting C compile features - done
[0.127s] -- Detecting CXX compiler ABI info
[0.176s] -- Detecting CXX compiler ABI info - done
[0.181s] -- Check for working CXX compiler: /usr/bin/c++ - skipped
[0.181s] -- Detecting CXX compile features
[0.181s] -- Detecting CXX compile features - done
[0.184s] [31mCMake Error at CMakeLists.txt:19 (find_package):
[0.184s]   By not providing "Findament_cmake.cmake" in CMAKE_MODULE_PATH this project
[0.184s]   has asked CMake to find a package configuration file provided by
[0.184s]   "ament_cmake", but CMake did not find one.
[0.184s] 
[0.184s]   Could not find a package configuration file provided by "ament_cmake" with
[0.184s]   any of the following names:
[0.184s] 
[0.184s]     ament_cmakeConfig.cmake
[0.184s]     ament_cmake-config.cmake
[0.184s] 
[0.184s]   Add the installation prefix of "ament_cmake" to CMAKE_PREFIX_PATH or set
[0.184s]   "ament_cmake_DIR" to a directory containing one of the above files.  If
[0.184s]   "ament_cmake" provides a separate development package or SDK, be sure it
[0.184s]   has been installed.
[0.184s] 
[0.184s] [0m
[0.184s] -- Configuring incomplete, errors occurred!
[0.184s] See also "/root/ros2_ws/src/utbots_dependencies/build/utbots_srvs/CMakeFiles/CMakeOutput.log".
[0.186s] Invoked command in '/root/ros2_ws/src/utbots_dependencies/build/utbots_srvs' returned '1': /usr/bin/cmake /root/ros2_ws/src/utbots_dependencies/utbots_srvs -DCMAKE_INSTALL_PREFIX=/root/ros2_ws/src/utbots_dependencies/install/utbots_srvs
