[0.007s] Invoking command in '/root/ros2_ws/src/utbots_dependencies/build/utbots_msgs': /usr/bin/cmake /root/ros2_ws/src/utbots_dependencies/utbots_msgs -DCMAKE_INSTALL_PREFIX=/root/ros2_ws/src/utbots_dependencies/install/utbots_msgs
[0.041s] -- The C compiler identification is GNU 11.4.0
[0.076s] -- The CXX compiler identification is GNU 11.4.0
[0.080s] -- Detecting C compiler ABI info
[0.123s] -- Detecting C compiler ABI info - done
[0.130s] -- Check for working C compiler: /usr/bin/cc - skipped
[0.131s] -- Detecting C compile features
[0.131s] -- Detecting C compile features - done
[0.134s] -- Detecting CXX compiler ABI info
[0.183s] -- Detecting CXX compiler ABI info - done
[0.188s] -- Check for working CXX compiler: /usr/bin/c++ - skipped
[0.188s] -- Detecting CXX compile features
[0.189s] -- Detecting CXX compile features - done
[0.191s] [31mCMake Error at CMakeLists.txt:19 (find_package):
[0.191s]   By not providing "Findament_cmake.cmake" in CMAKE_MODULE_PATH this project
[0.191s]   has asked CMake to find a package configuration file provided by
[0.191s]   "ament_cmake", but CMake did not find one.
[0.191s] 
[0.191s]   Could not find a package configuration file provided by "ament_cmake" with
[0.191s]   any of the following names:
[0.191s] 
[0.191s]     ament_cmakeConfig.cmake
[0.191s]     ament_cmake-config.cmake
[0.191s] 
[0.191s]   Add the installation prefix of "ament_cmake" to CMAKE_PREFIX_PATH or set
[0.191s]   "ament_cmake_DIR" to a directory containing one of the above files.  If
[0.191s]   "ament_cmake" provides a separate development package or SDK, be sure it
[0.191s]   has been installed.
[0.192s] 
[0.192s] [0m
[0.192s] -- Configuring incomplete, errors occurred!
[0.192s] See also "/root/ros2_ws/src/utbots_dependencies/build/utbots_msgs/CMakeFiles/CMakeOutput.log".
[0.193s] Invoked command in '/root/ros2_ws/src/utbots_dependencies/build/utbots_msgs' returned '1': /usr/bin/cmake /root/ros2_ws/src/utbots_dependencies/utbots_msgs -DCMAKE_INSTALL_PREFIX=/root/ros2_ws/src/utbots_dependencies/install/utbots_msgs
